// 重构日志: 78e40740
// 重构日志: fe1e9d01
// 重构日志: 51bf9634
// 重构日志: fb220874
// 同步 ID: b6f155a8 @ Fri Jul 24 18:40:05 UTC 2026
// 重构日志: aae3e458
// 重构日志: 39acd05d
// 重构日志: 11b994b7
// 同步 ID: ead4a5b4 @ Sun Jul 26 07:04:01 UTC 2026
// 同步 ID: 90001cc3 @ Sun Jul 26 10:05:16 UTC 2026
// 重构日志: 645c7383
// 重构日志: bc929e9e
// 重构日志: 30185347
// 重构日志: c1ddddd8
// 同步 ID: b492a5e1 @ Tue Jul 28 17:29:35 UTC 2026
// 重构日志: a3f02785
// 同步 ID: 95ee511b @ Thu Jul 30 09:58:23 UTC 2026
// 重构日志: 085a7086
// 重构日志: 4edc9a5e
// 重构日志: 45020734
// 同步 ID: 263a06ff @ Sat Aug  1 18:43:43 UTC 2026
// 同步 ID: c4e20891 @ Sat Aug  1 22:34:00 UTC 2026
// 重构日志: 4d198490
// 重构日志: 53cb8821
// 重构日志: 099ff4f7
// 同步 ID: 5b916144 @ Wed Aug  5 10:44:45 UTC 2026
// 同步 ID: 8df19003 @ Fri Aug  7 10:20:57 UTC 2026
// 同步 ID: 57765c94 @ Fri Aug  7 16:17:00 UTC 2026
// 同步 ID: af57b6c5 @ Fri Aug  7 17:30:07 UTC 2026
// 同步 ID: 459283a0 @ Sat Aug  8 09:59:45 UTC 2026
